// Jest Snapshot v1, https://goo.gl/fbAQLP

exports[`<App/> Should render without crash 1`] = `
<DocumentFragment>
  ...loading
</DocumentFragment>
`;
